# Tests that no path being found is properly
# represented.

# Create a new graph.
created graph graph1

# Add nodes to the graph.
added node n1 to graph1
added node n2 to graph1

# Add edge between n1 and n2.
added edge 2.000 from n1 to n2 in graph1

# Find a path from n1 to n2.
path from n1 to n2:
n1 to n2 with weight 2.000
total cost: 2.000

# Find a path from n2 to n1.
path from n2 to n1:
no path found